**********************
Windows PowerShell transcript start
Start time: 20231019102252
Username: SUPERCOM\amogh
RunAs User: SUPERCOM\amogh
Configuration Name: 
Machine: SUPERCOM (Microsoft Windows NT 10.0.22621.0)
Host Application: C:\Windows\System32\WindowsPowerShell\v1.0\powershell.exe -noexit -command try { . "c:\Users\amogh\AppData\Local\Programs\Microsoft VS Code\resources\app\out\vs\workbench\contrib\terminal\browser\media\shellIntegration.ps1" } catch {}
Process ID: 21176
PSVersion: 5.1.22621.2428
PSEdition: Desktop
PSCompatibleVersions: 1.0, 2.0, 3.0, 4.0, 5.0, 5.1.22621.2428
BuildVersion: 10.0.22621.2428
CLRVersion: 4.0.30319.42000
WSManStackVersion: 3.0
PSRemotingProtocolVersion: 2.3
SerializationVersion: 1.1.0.1
**********************
Transcript started, output file is c:\Users\amogh\github-classroom\FPC-advanced\fpc-advanced-classroom-1st-year-assignment-DrLexLuthor\set01\problem03_session.txt
PS C:\Users\amogh\github-classroom\FPC-advanced\fpc-advanced-classroom-1st-year-assignment-DrLexLuthor> gcc -g "c:\Users\amogh\github-classroom\FPC-advanced\fpc-advanced-classroom-1st-year-assignment-DrLexLuthor\set01\problem03.c" -o "c:\Users\amogh\github-classroom\FPC-advanced\fpc-advanced-classroom-1st-year-assignment-DrLexLuthor\set01\problem03.exe" 2>&1

PS C:\Users\amogh\github-classroom\FPC-advanced\fpc-advanced-classroom-1st-year-assignment-DrLexLuthor> "c:\Users\amogh\github-classroom\FPC-advanced\fpc-advanced-classroom-1st-year-assignment-DrLexLuthor\set01\problem03.exe"
c:\Users\amogh\github-classroom\FPC-advanced\fpc-advanced-classroom-1st-year-assignment-DrLexLuthor\set01\problem03.exe
PS C:\Users\amogh\github-classroom\FPC-advanced\fpc-advanced-classroom-1st-year-assignment-DrLexLuthor> ./problem03
./problem03 : The term './problem03' is not recognized as the name of a cmdlet, function, script file, or operable 
program. Check the spelling of the name, or if a path was included, verify that the path is correct and try again.
At line:1 char:1
+ ./problem03
+ ~~~~~~~~~~~
    + CategoryInfo          : ObjectNotFound: (./problem03:String) [], CommandNotFoundException
    + FullyQualifiedErrorId : CommandNotFoundException
./problem03 : The term './problem03' is not recognized as the name of a cmdlet, function, script file, or operable program. Check the spelling of the name, or if a
path was included, verify that the path is correct and try again.
At line:1 char:1
+ ./problem03
+ ~~~~~~~~~~~
    + CategoryInfo          : ObjectNotFound: (./problem03:String) [], CommandNotFoundException
    + FullyQualifiedErrorId : CommandNotFoundException

PS C:\Users\amogh\github-classroom\FPC-advanced\fpc-advanced-classroom-1st-year-assignment-DrLexLuthor> .\problem03
.\problem03 : The term '.\problem03' is not recognized as the name of a cmdlet, function, script file, or operable 
program. Check the spelling of the name, or if a path was included, verify that the path is correct and try again.
At line:1 char:1
+ .\problem03
+ ~~~~~~~~~~~
    + CategoryInfo          : ObjectNotFound: (.\problem03:String) [], CommandNotFoundException
    + FullyQualifiedErrorId : CommandNotFoundException
.\problem03 : The term '.\problem03' is not recognized as the name of a cmdlet, function, script file, or operable program. Check the spelling of the name, or if a
path was included, verify that the path is correct and try again.
At line:1 char:1
+ .\problem03
+ ~~~~~~~~~~~
    + CategoryInfo          : ObjectNotFound: (.\problem03:String) [], CommandNotFoundException
    + FullyQualifiedErrorId : CommandNotFoundException

PS C:\Users\amogh\github-classroom\FPC-advanced\fpc-advanced-classroom-1st-year-assignment-DrLexLuthor> problem03
problem03 : The term 'problem03' is not recognized as the name of a cmdlet, function, script file, or operable program. 
Check the spelling of the name, or if a path was included, verify that the path is correct and try again.
At line:1 char:1
+ problem03
+ ~~~~~~~~~
    + CategoryInfo          : ObjectNotFound: (problem03:String) [], CommandNotFoundException
    + FullyQualifiedErrorId : CommandNotFoundException
problem03 : The term 'problem03' is not recognized as the name of a cmdlet, function, script file, or operable program. Check the spelling of the name, or if a path
was included, verify that the path is correct and try again.
At line:1 char:1
+ problem03
+ ~~~~~~~~~
    + CategoryInfo          : ObjectNotFound: (problem03:String) [], CommandNotFoundException
    + FullyQualifiedErrorId : CommandNotFoundException

PS C:\Users\amogh\github-classroom\FPC-advanced\fpc-advanced-classroom-1st-year-assignment-DrLexLuthor> \problem03
\problem03 : The term '\problem03' is not recognized as the name of a cmdlet, function, script file, or operable 
program. Check the spelling of the name, or if a path was included, verify that the path is correct and try again.
At line:1 char:1
+ \problem03
+ ~~~~~~~~~~
    + CategoryInfo          : ObjectNotFound: (\problem03:String) [], CommandNotFoundException
    + FullyQualifiedErrorId : CommandNotFoundException
\problem03 : The term '\problem03' is not recognized as the name of a cmdlet, function, script file, or operable program. Check the spelling of the name, or if a
path was included, verify that the path is correct and try again.
At line:1 char:1
+ \problem03
+ ~~~~~~~~~~
    + CategoryInfo          : ObjectNotFound: (\problem03:String) [], CommandNotFoundException
    + FullyQualifiedErrorId : CommandNotFoundException

PS C:\Users\amogh\github-classroom\FPC-advanced\fpc-advanced-classroom-1st-year-assignment-DrLexLuthor> .\problem03.exe
.\problem03.exe : The term '.\problem03.exe' is not recognized as the name of a cmdlet, function, script file, or 
operable program. Check the spelling of the name, or if a path was included, verify that the path is correct and try 
again.
At line:1 char:1
+ .\problem03.exe
+ ~~~~~~~~~~~~~~~
    + CategoryInfo          : ObjectNotFound: (.\problem03.exe:String) [], CommandNotFoundException
    + FullyQualifiedErrorId : CommandNotFoundException
.\problem03.exe : The term '.\problem03.exe' is not recognized as the name of a cmdlet, function, script file, or operable program. Check the spelling of the name,
or if a path was included, verify that the path is correct and try again.
At line:1 char:1
+ .\problem03.exe
+ ~~~~~~~~~~~~~~~
    + CategoryInfo          : ObjectNotFound: (.\problem03.exe:String) [], CommandNotFoundException
    + FullyQualifiedErrorId : CommandNotFoundException

PS C:\Users\amogh\github-classroom\FPC-advanced\fpc-advanced-classroom-1st-year-assignment-DrLexLuthor> ./problem03.exe
./problem03.exe : The term './problem03.exe' is not recognized as the name of a cmdlet, function, script file, or 
operable program. Check the spelling of the name, or if a path was included, verify that the path is correct and try 
again.
At line:1 char:1
+ ./problem03.exe
+ ~~~~~~~~~~~~~~~
    + CategoryInfo          : ObjectNotFound: (./problem03.exe:String) [], CommandNotFoundException
    + FullyQualifiedErrorId : CommandNotFoundException
./problem03.exe : The term './problem03.exe' is not recognized as the name of a cmdlet, function, script file, or operable program. Check the spelling of the name,
or if a path was included, verify that the path is correct and try again.
At line:1 char:1
+ ./problem03.exe
+ ~~~~~~~~~~~~~~~
    + CategoryInfo          : ObjectNotFound: (./problem03.exe:String) [], CommandNotFoundException
    + FullyQualifiedErrorId : CommandNotFoundException

PS C:\Users\amogh\github-classroom\FPC-advanced\fpc-advanced-classroom-1st-year-assignment-DrLexLuthor> gcc -g "c:\Users\amogh\github-classroom\FPC-advanced\fpc-advanced-classroom-1st-year-assignment-DrLexLuthor\set01\problem03.c" -o "c:\Users\amogh\github-classroom\FPC-advanced\fpc-advanced-classroom-1st-year-assignment-DrLexLuthor\set01\problem03.exe" 2>&1

PS C:\Users\amogh\github-classroom\FPC-advanced\fpc-advanced-classroom-1st-year-assignment-DrLexLuthor> "c:\Users\amogh\github-classroom\FPC-advanced\fpc-advanced-classroom-1st-year-assignment-DrLexLuthor\set01\problem03.exe"
c:\Users\amogh\github-classroom\FPC-advanced\fpc-advanced-classroom-1st-year-assignment-DrLexLuthor\set01\problem03.exe
PS C:\Users\amogh\github-classroom\FPC-advanced\fpc-advanced-classroom-1st-year-assignment-DrLexLuthor> gcc -g "c:\Users\amogh\github-classroom\FPC-advanced\fpc-advanced-classroom-1st-year-assignment-DrLexLuthor\set01\problem02.c" -o "c:\Users\amogh\github-classroom\FPC-advanced\fpc-advanced-classroom-1st-year-assignment-DrLexLuthor\set01\problem02.exe" 2>&1

PS C:\Users\amogh\github-classroom\FPC-advanced\fpc-advanced-classroom-1st-year-assignment-DrLexLuthor> "c:\Users\amogh\github-classroom\FPC-advanced\fpc-advanced-classroom-1st-year-assignment-DrLexLuthor\set01\problem02.exe"
c:\Users\amogh\github-classroom\FPC-advanced\fpc-advanced-classroom-1st-year-assignment-DrLexLuthor\set01\problem02.exe
PS C:\Users\amogh\github-classroom\FPC-advanced\fpc-advanced-classroom-1st-year-assignment-DrLexLuthor> ./a.exe
./a.exe : The term './a.exe' is not recognized as the name of a cmdlet, function, script file, or operable program. 
Check the spelling of the name, or if a path was included, verify that the path is correct and try again.
At line:1 char:1
+ ./a.exe
+ ~~~~~~~
    + CategoryInfo          : ObjectNotFound: (./a.exe:String) [], CommandNotFoundException
    + FullyQualifiedErrorId : CommandNotFoundException
./a.exe : The term './a.exe' is not recognized as the name of a cmdlet, function, script file, or operable program. Check the spelling of the name, or if a path was
included, verify that the path is correct and try again.
At line:1 char:1
+ ./a.exe
+ ~~~~~~~
    + CategoryInfo          : ObjectNotFound: (./a.exe:String) [], CommandNotFoundException
    + FullyQualifiedErrorId : CommandNotFoundException

